
> alchemy-client@0.1.0 build /app/client
> vite build

vite v6.4.3 building for production...
transforming...
✓ 3538 modules transformed.
rendering chunks...
computing gzip size...
build/index.html                                3.26 kB │ gzip:   1.44 kB
build/assets/cloud-B4CN1yY-.png                28.52 kB
build/assets/logo-CHNmgb3o.png                 31.13 kB
build/assets/correct-eEtDK0pe.png              31.77 kB
build/assets/h2so4-B2u1z05S.png                70.55 kB
build/assets/hc-DBXvnYFl.png                   78.85 kB
build/assets/ab-CO7Oocrj.png                   98.26 kB
build/assets/comp_2-BoHlUXzf.png               99.38 kB
build/assets/boom-oXhUqfxU.gif                230.52 kB
build/assets/back-Bmi0xa0Z.jpg                239.58 kB
build/assets/comp_1-ByUW6Ul-.png              382.30 kB
build/assets/labgigbl-DXEZ1MlV.gif          1,819.06 kB
build/assets/SkeletonBlock-DScqJ9D_.css         0.65 kB │ gzip:   0.34 kB
build/assets/EmptyState-DNvPipEa.css            0.67 kB │ gzip:   0.39 kB
build/assets/success-D15rsVt0.css               0.82 kB │ gzip:   0.42 kB
build/assets/Landing-BH3Q4sef.css               1.30 kB │ gzip:   0.62 kB
build/assets/history-DiEyJH0R.css               1.88 kB │ gzip:   0.75 kB
build/assets/Profile-D_nev2Ma.css               3.12 kB │ gzip:   1.08 kB
build/assets/inorganic-GtanJwXf.css             3.35 kB │ gzip:   1.07 kB
build/assets/organic-DAQJqC8b.css               3.47 kB │ gzip:   1.13 kB
build/assets/result-BEXPUpm-.css                3.63 kB │ gzip:   1.28 kB
build/assets/lab-PZy5Nan4.css                   3.66 kB │ gzip:   1.20 kB
build/assets/titration-w03wtrya.css             3.77 kB │ gzip:   1.19 kB
build/assets/ClassroomDetail-dO5Nwn9a.css       5.00 kB │ gzip:   1.46 kB
build/assets/StudentDashboard-BVg9bH8e.css      5.51 kB │ gzip:   1.72 kB
build/assets/Lab3D-DDSNXtZi.css                16.00 kB │ gzip:   3.52 kB
build/assets/index-g8nYebeA.css                47.81 kB │ gzip:   9.55 kB
build/chunks/labgigbl-DHA1OlIU.js               0.05 kB │ gzip:   0.07 kB
build/chunks/SkeletonBlock-gsbIBDLz.js          0.27 kB │ gzip:   0.22 kB
build/chunks/EmptyState-D6PT74zk.js             0.66 kB │ gzip:   0.40 kB
build/chunks/historyStore-CTJbNfFE.js           0.80 kB │ gzip:   0.45 kB
build/chunks/api-DBBbgpnq.js                    0.84 kB │ gzip:   0.49 kB
build/chunks/profileStore-Bb-JDFdE.js           1.08 kB │ gzip:   0.57 kB
build/chunks/assignmentStore-OFrZrtzJ.js        2.07 kB │ gzip:   0.73 kB
build/chunks/classroomStore-2Ry6eNZq.js         2.35 kB │ gzip:   0.95 kB
build/chunks/success-Diswm055.js                2.71 kB │ gzip:   0.80 kB
build/chunks/history-DPPJqFjR.js                2.81 kB │ gzip:   1.22 kB
build/chunks/Landing-TyHYBDx5.js                3.13 kB │ gzip:   1.33 kB
build/chunks/labStore-DQsI1YPq.js               3.75 kB │ gzip:   1.45 kB
build/chunks/Profile-CZEKh-wQ.js                4.83 kB │ gzip:   1.53 kB
build/chunks/organic-BkYs_SY4.js                5.04 kB │ gzip:   1.92 kB
build/chunks/inorganic-BXP8fUxt.js              6.65 kB │ gzip:   2.20 kB
build/chunks/result_testtube-BeJM-rqL.js        6.80 kB │ gzip:   2.44 kB
build/chunks/ClassroomDetail-BCHcWHIl.js        6.85 kB │ gzip:   2.33 kB
build/chunks/result-CHGoZLw4.js                 7.41 kB │ gzip:   2.60 kB
build/chunks/StudentDashboard-Bo64e5qA.js      13.24 kB │ gzip:   4.43 kB
build/chunks/Lab3D-DyvHVQul.js                 16.11 kB │ gzip:   5.57 kB
build/chunks/PhysicsLab-CeRx3Zye.js            16.58 kB │ gzip:   5.93 kB
build/chunks/AuthPage-Dv2-NJQt.js              18.15 kB │ gzip:   5.65 kB
build/chunks/titration-B-RKYGcg.js             23.20 kB │ gzip:   5.87 kB
build/chunks/lab-4ULXYaWY.js                   23.27 kB │ gzip:  15.17 kB
build/index-B_gcXHVk.js                        31.64 kB │ gzip:  10.83 kB
build/chunks/apiClient-DhQO7I0a.js             46.56 kB │ gzip:  18.08 kB
build/chunks/vendor-react-core-BlF3s_Kf.js    165.06 kB │ gzip:  54.02 kB
build/chunks/vendor-animation-D63JRGbP.js     198.25 kB │ gzip:  69.80 kB
build/chunks/vendor-r3f-7Kd3OCUN.js           285.92 kB │ gzip:  97.54 kB
build/chunks/TeacherDashboard-53F0zw51.js     435.11 kB │ gzip: 128.32 kB
build/chunks/vendor-three-BMfFzCSn.js         719.05 kB │ gzip: 186.97 kB
✓ built in 22.83s
