
> alchemy-client@0.1.0 build /app/client
> vite build

vite v6.4.1 building for production...
transforming...
✓ 723 modules transformed.
rendering chunks...
[esbuild css minify]
▲ [WARNING] Expected identifier but found whitespace [css-syntax-error]

    <stdin>:192:16:
      192 │     border-left: 3px solid #ff4d4d;
          ╵                 ^


▲ [WARNING] Unexpected "3px" [css-syntax-error]

    <stdin>:192:17:
      192 │     border-left: 3px solid #ff4d4d;
          ╵                  ~~~


▲ [WARNING] Unexpected "0%" [css-syntax-error]

    <stdin>:198:2:
      198 │   0% { transform: translate(1px, 1px) rotate(0deg); }
          ╵   ~~


▲ [WARNING] Unexpected "10%" [css-syntax-error]

    <stdin>:199:2:
      199 │   10% { transform: translate(-1px, -2px) rotate(-1deg); }
          ╵   ~~~


▲ [WARNING] Unexpected "20%" [css-syntax-error]

    <stdin>:200:2:
      200 │   20% { transform: translate(-3px, 0px) rotate(1deg); }
          ╵   ~~~


▲ [WARNING] Unexpected "30%" [css-syntax-error]

    <stdin>:201:2:
      201 │   30% { transform: translate(3px, 2px) rotate(0deg); }
          ╵   ~~~


▲ [WARNING] Unexpected "40%" [css-syntax-error]

    <stdin>:202:2:
      202 │   40% { transform: translate(1px, -1px) rotate(1deg); }
          ╵   ~~~


▲ [WARNING] Unexpected "50%" [css-syntax-error]

    <stdin>:203:2:
      203 │   50% { transform: translate(-1px, 2px) rotate(-1deg); }
          ╵   ~~~


▲ [WARNING] Unexpected "60%" [css-syntax-error]

    <stdin>:204:2:
      204 │   60% { transform: translate(-3px, 1px) rotate(0deg); }
          ╵   ~~~


▲ [WARNING] Unexpected "70%" [css-syntax-error]

    <stdin>:205:2:
      205 │   70% { transform: translate(3px, 1px) rotate(-1deg); }
          ╵   ~~~


▲ [WARNING] Unexpected "80%" [css-syntax-error]

    <stdin>:206:2:
      206 │   80% { transform: translate(-1px, -1px) rotate(1deg); }
          ╵   ~~~


▲ [WARNING] Unexpected "90%" [css-syntax-error]

    <stdin>:207:2:
      207 │   90% { transform: translate(1px, 2px) rotate(0deg); }
          ╵   ~~~


▲ [WARNING] Unexpected "100%" [css-syntax-error]

    <stdin>:208:2:
      208 │   100% { transform: translate(1px, -2px) rotate(-1deg); }
          ╵   ~~~~


computing gzip size...
build/index.html                              2.72 kB │ gzip:   1.31 kB
build/assets/cloud-B4CN1yY-.png              28.52 kB
build/assets/logo-CHNmgb3o.png               31.13 kB
build/assets/correct-eEtDK0pe.png            31.77 kB
build/assets/h2so4-B2u1z05S.png              70.55 kB
build/assets/hc-DBXvnYFl.png                 78.85 kB
build/assets/ab-CO7Oocrj.png                 98.26 kB
build/assets/comp_2-BoHlUXzf.png             99.38 kB
build/assets/boom-oXhUqfxU.gif              230.52 kB
build/assets/back-Bmi0xa0Z.jpg              239.58 kB
build/assets/comp_1-ByUW6Ul-.png            382.30 kB
build/assets/labgigbl-DXEZ1MlV.gif        1,819.06 kB
build/assets/success-D15rsVt0.css             0.82 kB │ gzip:   0.42 kB
build/assets/Landing-BZkWPgAX.css             1.28 kB │ gzip:   0.62 kB
build/assets/history-YSoz9P2s.css             1.30 kB │ gzip:   0.58 kB
build/assets/Login-DTfpRF1z.css               1.38 kB │ gzip:   0.59 kB
build/assets/Dashboard-BiDiBODe.css           2.00 kB │ gzip:   0.82 kB
build/assets/inorganic-7sT6gukP.css           3.14 kB │ gzip:   1.02 kB
build/assets/lab-tSkdvM48.css                 3.25 kB │ gzip:   1.08 kB
build/assets/organic-1gRyWmw8.css             3.26 kB │ gzip:   1.08 kB
build/assets/result-DNJTrsWb.css              3.29 kB │ gzip:   1.20 kB
build/assets/titration-BDaYZrAd.css           3.30 kB │ gzip:   1.07 kB
build/assets/index-DTaCA5I1.css               4.64 kB │ gzip:   1.60 kB
build/assets/labgigbl-DHA1OlIU.js             0.05 kB │ gzip:   0.07 kB
build/assets/Dashboard-Dl8imfNj.js            1.96 kB │ gzip:   0.55 kB
build/assets/history-B2I6kru6.js              2.15 kB │ gzip:   1.00 kB
build/assets/success-moI-O3KX.js              2.55 kB │ gzip:   0.72 kB
build/assets/organic-KnQcWU-i.js              4.55 kB │ gzip:   1.67 kB
build/assets/inorganic-3N1MqEkR.js            6.16 kB │ gzip:   1.95 kB
build/assets/result-pFH00arZ.js               6.30 kB │ gzip:   2.14 kB
build/assets/result_testtube-CKBCT3-g.js      6.74 kB │ gzip:   2.40 kB
build/assets/Login-BDP53kMW.js               12.45 kB │ gzip:   3.87 kB
build/assets/Landing-DJGouCZM.js             18.14 kB │ gzip:   5.71 kB
build/assets/titration-4vkHjMsL.js           23.01 kB │ gzip:   5.77 kB
build/assets/lab-CTKqpq5J.js                 23.42 kB │ gzip:  15.18 kB
build/assets/index-CB87Sc6I.js               70.32 kB │ gzip:  27.76 kB
build/assets/supabaseClient-advElB0k.js     174.31 kB │ gzip:  45.97 kB
build/assets/index-D6xkeR-E.js              190.97 kB │ gzip:  63.53 kB
build/assets/CanvasContainer-B7Uhp9xY.js    851.79 kB │ gzip: 229.87 kB

(!) Some chunks are larger than 500 kB after minification. Consider:
- Using dynamic import() to code-split the application
- Use build.rollupOptions.output.manualChunks to improve chunking: https://rollupjs.org/configuration-options/#output-manualchunks
- Adjust chunk size limit for this warning via build.chunkSizeWarningLimit.
✓ built in 9.18s
