
> alchemy-client@0.1.0 build /app/client
> vite build

vite v6.4.3 building for production...
transforming...
Found 1 warning while optimizing generated CSS:

[2m│   }[22m
[2m│ }[22m
[2m│[22m @import url('https://fonts.googleapis.com/css2?family=Inter:wght@400;500;600;700&family=Space+Grotesk:wght@400;500;600;700&display=swap');
[2m┆[22m        [33m[2m^--[22m @import rules must precede all rules aside from @charset and @layer statements[39m
[2m┆[22m
[2m│ @layer base {[22m
[2m│   *, *::before, *::after {[22m

✓ 3594 modules transformed.
rendering chunks...
computing gzip size...
build/index.html                                3.26 kB │ gzip:   1.44 kB
build/assets/cloud-B4CN1yY-.png                28.52 kB
build/assets/logo-CHNmgb3o.png                 31.13 kB
build/assets/correct-eEtDK0pe.png              31.77 kB
build/assets/h2so4-B2u1z05S.png                70.55 kB
build/assets/hc-DBXvnYFl.png                   78.85 kB
build/assets/ab-CO7Oocrj.png                   98.26 kB
build/assets/comp_2-BoHlUXzf.png               99.38 kB
build/assets/boom-oXhUqfxU.gif                230.52 kB
build/assets/back-Bmi0xa0Z.jpg                239.58 kB
build/assets/comp_1-ByUW6Ul-.png              382.30 kB
build/assets/labgigbl-DXEZ1MlV.gif          1,819.06 kB
build/assets/SkeletonBlock-DScqJ9D_.css         0.65 kB │ gzip:   0.34 kB
build/assets/EmptyState-DNvPipEa.css            0.67 kB │ gzip:   0.39 kB
build/assets/success-D15rsVt0.css               0.82 kB │ gzip:   0.42 kB
build/assets/Landing-BH3Q4sef.css               1.30 kB │ gzip:   0.62 kB
build/assets/history-DiEyJH0R.css               1.88 kB │ gzip:   0.75 kB
build/assets/Profile-D_nev2Ma.css               3.12 kB │ gzip:   1.08 kB
build/assets/inorganic-GtanJwXf.css             3.35 kB │ gzip:   1.07 kB
build/assets/organic-DAQJqC8b.css               3.47 kB │ gzip:   1.13 kB
build/assets/result-BEXPUpm-.css                3.63 kB │ gzip:   1.28 kB
build/assets/lab-PZy5Nan4.css                   3.66 kB │ gzip:   1.20 kB
build/assets/titration-w03wtrya.css             3.77 kB │ gzip:   1.19 kB
build/assets/ClassroomDetail-dO5Nwn9a.css       5.00 kB │ gzip:   1.46 kB
build/assets/StudentDashboard-BVg9bH8e.css      5.51 kB │ gzip:   1.72 kB
build/assets/Lab3D-DDSNXtZi.css                16.00 kB │ gzip:   3.52 kB
build/assets/index-BOQ_XZH3.css                48.10 kB │ gzip:   9.54 kB
build/chunks/labgigbl-DHA1OlIU.js               0.05 kB │ gzip:   0.07 kB
build/chunks/SkeletonBlock-DLklt5lb.js          0.27 kB │ gzip:   0.22 kB
build/chunks/EmptyState-BMvpiwvX.js             0.66 kB │ gzip:   0.39 kB
build/chunks/historyStore-iQyzDKIm.js           0.80 kB │ gzip:   0.44 kB
build/chunks/api-D-3pHFeG.js                    0.84 kB │ gzip:   0.49 kB
build/chunks/profileStore-D5pTN-ji.js           1.08 kB │ gzip:   0.57 kB
build/chunks/assignmentStore-CA8kPpq-.js        2.07 kB │ gzip:   0.73 kB
build/chunks/classroomStore-C6SRumbU.js         2.35 kB │ gzip:   0.95 kB
build/chunks/history-DtRW54o3.js                2.81 kB │ gzip:   1.21 kB
build/chunks/success-DgkHPEVu.js                3.04 kB │ gzip:   0.87 kB
build/chunks/Landing-DITk8LIz.js                3.13 kB │ gzip:   1.33 kB
build/chunks/labStore-pqSo8obe.js               3.75 kB │ gzip:   1.44 kB
build/chunks/Profile-D4Iw6Ck2.js                4.83 kB │ gzip:   1.52 kB
build/chunks/organic-peNL8LTF.js                5.04 kB │ gzip:   1.92 kB
build/chunks/inorganic-DM28bU3G.js              6.65 kB │ gzip:   2.20 kB
build/chunks/result_testtube-CuIhw1D4.js        6.80 kB │ gzip:   2.44 kB
build/chunks/ClassroomDetail-CjlCbaaQ.js        6.85 kB │ gzip:   2.33 kB
build/chunks/result-DLMiayOP.js                 7.41 kB │ gzip:   2.60 kB
build/chunks/StudentDashboard-GGrcvwIi.js      13.24 kB │ gzip:   4.43 kB
build/chunks/Lab3D-BMpFSjnm.js                 16.05 kB │ gzip:   5.53 kB
build/chunks/PhysicsLab-B5BPlaRh.js            16.58 kB │ gzip:   5.91 kB
build/chunks/AuthPage-DjiFxygz.js              18.42 kB │ gzip:   5.68 kB
build/chunks/titration-BGddxVxz.js             23.20 kB │ gzip:   5.86 kB
build/chunks/lab-dkigo_V4.js                   23.27 kB │ gzip:  15.17 kB
build/index-DS7XibPt.js                        31.69 kB │ gzip:  10.84 kB
build/chunks/apiClient-CeU-2fxi.js             44.36 kB │ gzip:  17.36 kB
build/chunks/vendor-react-core-DronPOa-.js    165.18 kB │ gzip:  54.06 kB
build/chunks/vendor-animation-C6vyW22n.js     198.25 kB │ gzip:  69.80 kB
build/chunks/vendor-r3f-B-JrKljL.js           285.92 kB │ gzip:  97.54 kB
build/chunks/TeacherDashboard-DuE3oGS6.js     441.42 kB │ gzip: 130.90 kB
build/chunks/vendor-three-BMfFzCSn.js         719.05 kB │ gzip: 186.97 kB
✓ built in 14.49s
