Progress: resolved 1, reused 0, downloaded 0, added 0
 WARN  deprecated @babel/plugin-proposal-private-property-in-object@7.21.11: This proposal has been merged to the ECMAScript standard and thus this plugin is no longer maintained. Please use @babel/plugin-transform-private-property-in-object instead.
Progress: resolved 14, reused 0, downloaded 12, added 0

   ╭──────────────────────────────────────────╮
   │                                          │
   │   Update available! 10.28.0 → 10.29.3.   │
   │   Changelog: https://pnpm.io/v/10.29.3   │
   │     To update, run: pnpm add -g pnpm     │
   │                                          │
   ╰──────────────────────────────────────────╯

Progress: resolved 18, reused 0, downloaded 15, added 0
Progress: resolved 20, reused 0, downloaded 17, added 0
Progress: resolved 65, reused 0, downloaded 52, added 0
Progress: resolved 92, reused 0, downloaded 63, added 0
Progress: resolved 99, reused 0, downloaded 80, added 0
Progress: resolved 131, reused 0, downloaded 115, added 0
Progress: resolved 207, reused 0, downloaded 184, added 0
Progress: resolved 287, reused 0, downloaded 263, added 0
Progress: resolved 379, reused 0, downloaded 345, added 0
Progress: resolved 476, reused 0, downloaded 443, added 0
Progress: resolved 542, reused 0, downloaded 505, added 0
Progress: resolved 653, reused 0, downloaded 600, added 0
Progress: resolved 795, reused 0, downloaded 735, added 0
Progress: resolved 856, reused 0, downloaded 794, added 0
Progress: resolved 902, reused 0, downloaded 839, added 0
Progress: resolved 1068, reused 0, downloaded 991, added 0
Progress: resolved 1161, reused 0, downloaded 1080, added 0
Progress: resolved 1298, reused 0, downloaded 1236, added 0
 WARN  deprecated eslint@8.57.1: This version is no longer supported. Please see https://eslint.org/version-support for other options.
Progress: resolved 1349, reused 0, downloaded 1341, added 0
 WARN  23 deprecated subdependencies found: @babel/plugin-proposal-class-properties@7.18.6, @babel/plugin-proposal-nullish-coalescing-operator@7.18.6, @babel/plugin-proposal-numeric-separator@7.18.6, @babel/plugin-proposal-optional-chaining@7.21.0, @babel/plugin-proposal-private-methods@7.18.6, @humanwhocodes/config-array@0.13.0, @humanwhocodes/object-schema@2.0.3, abab@2.0.6, domexception@2.0.1, glob@7.2.3, inflight@1.0.6, q@1.5.1, rimraf@3.0.2, rollup-plugin-terser@7.0.2, source-map@0.8.0-beta.0, sourcemap-codec@1.4.8, stable@0.1.8, svgo@1.3.2, three-mesh-bvh@0.7.8, w3c-hr-time@1.0.2, whatwg-encoding@1.0.5, workbox-cacheable-response@6.6.0, workbox-google-analytics@6.6.0
Packages: +1349
++++++++++++++++++++++++++++++++++++++++++++++++++++++++++++++++++++++++++++++++
Progress: resolved 1351, reused 0, downloaded 1348, added 84
Progress: resolved 1351, reused 0, downloaded 1348, added 1020
Progress: resolved 1351, reused 0, downloaded 1349, added 1347
Progress: resolved 1351, reused 0, downloaded 1349, added 1349, done
 WARN  Issues with peer dependencies found
.
└─┬ @testing-library/react 13.4.0
  └─┬ @types/react-dom 18.3.7
    └── ✕ unmet peer @types/react@^18.0.0: found 19.2.14

dependencies:
+ @react-three/drei 9.122.0 (10.7.7 is available)
+ @react-three/fiber 8.18.0 (9.5.0 is available)
+ @supabase/supabase-js 2.95.3
+ @testing-library/jest-dom 5.17.0 (6.9.1 is available)
+ @testing-library/react 13.4.0 (16.3.2 is available)
+ @testing-library/user-event 13.5.0 (14.6.1 is available)
+ axios 1.13.5
+ framer-motion 12.34.0
+ gsap 3.14.2
+ react 18.3.1 (19.2.4 is available)
+ react-dom 18.3.1 (19.2.4 is available)
+ react-parallax-tilt 1.7.319
+ react-router-dom 6.30.3 (7.13.0 is available)
+ react-scripts 5.0.1
+ three 0.182.0
+ web-vitals 2.1.4 (5.1.0 is available)

devDependencies:
+ @babel/plugin-proposal-private-property-in-object 7.21.11 deprecated
+ @playwright/test 1.58.2
+ cross-env 10.1.0
+ file-loader 6.2.0

╭ Warning ─────────────────────────────────────────────────────────────────────╮
│                                                                              │
│   Ignored build scripts: core-js-pure@3.48.0, core-js@3.48.0.                │
│   Run "pnpm approve-builds" to pick which dependencies should be allowed     │
│   to run scripts.                                                            │
│                                                                              │
╰──────────────────────────────────────────────────────────────────────────────╯
Done in 27.1s using pnpm v10.28.0
