
> alchemy-client@0.1.0 start
> react-scripts start

(node:3467) [DEP_WEBPACK_DEV_SERVER_ON_AFTER_SETUP_MIDDLEWARE] DeprecationWarning: 'onAfterSetupMiddleware' option is deprecated. Please use the 'setupMiddlewares' option.
(Use `node --trace-deprecation ...` to show where the warning was created)
(node:3467) [DEP_WEBPACK_DEV_SERVER_ON_BEFORE_SETUP_MIDDLEWARE] DeprecationWarning: 'onBeforeSetupMiddleware' option is deprecated. Please use the 'setupMiddlewares' option.
Starting the development server...

Compiled with warnings.

Failed to parse source map from '/app/client/node_modules/@mediapipe/tasks-vision/vision_bundle_mjs.js.map' file: Error: ENOENT: no such file or directory, open '/app/client/node_modules/@mediapipe/tasks-vision/vision_bundle_mjs.js.map'

[eslint]
src/components/3d-animations/FloatingMolecule.jsx
  Line 3:18:  'Icosahedron' is defined but never used  no-unused-vars

src/components/3d-animations/HolographicLogin.jsx
  Line 2:8:  'Tilt' is defined but never used  no-unused-vars

src/components/result_testtube.js
  Line 23:6:  React Hook useLayoutEffect has missing dependencies: 'gas' and 'solid'. Either include them or remove the dependency array  react-hooks/exhaustive-deps

src/components/sidebar.js
  Line 4:8:  'Star' is defined but never used  no-unused-vars

src/pages/experiment_result.js
  Line 44:12:  'data' is assigned a value but never used  no-unused-vars

src/pages/inorganic.js
  Line 4:8:  'logo' is defined but never used  no-unused-vars
  Line 5:8:  'back' is defined but never used  no-unused-vars

src/pages/organic.js
  Line 4:8:  'logo' is defined but never used  no-unused-vars
  Line 5:8:  'back' is defined but never used  no-unused-vars

src/pages/result.js
  Line 4:8:   'labgif' is defined but never used                                                                                                                                                                              no-unused-vars
  Line 9:8:   'back' is defined but never used                                                                                                                                                                                no-unused-vars
  Line 83:6:  React Hook useEffect has a missing dependency: 'cart'. Either include it or remove the dependency array. You can also do a functional update 'setCart(c => ...)' if you only need 'cart' in the 'setCart' call  react-hooks/exhaustive-deps

src/pages/titration.js
  Line 11:8:   's10' is defined but never used                no-unused-vars
  Line 27:9:   'navigate' is assigned a value but never used  no-unused-vars
  Line 30:10:  'behnede' is assigned a value but never used   no-unused-vars

Search for the keywords to learn more about each warning.
To ignore, add // eslint-disable-next-line to the line before.

WARNING in ./node_modules/@mediapipe/tasks-vision/vision_bundle.mjs
Module Warning (from ./node_modules/source-map-loader/dist/cjs.js):
Failed to parse source map from '/app/client/node_modules/@mediapipe/tasks-vision/vision_bundle_mjs.js.map' file: Error: ENOENT: no such file or directory, open '/app/client/node_modules/@mediapipe/tasks-vision/vision_bundle_mjs.js.map'

WARNING in [eslint]
src/components/3d-animations/FloatingMolecule.jsx
  Line 3:18:  'Icosahedron' is defined but never used  no-unused-vars

src/components/3d-animations/HolographicLogin.jsx
  Line 2:8:  'Tilt' is defined but never used  no-unused-vars

src/components/result_testtube.js
  Line 23:6:  React Hook useLayoutEffect has missing dependencies: 'gas' and 'solid'. Either include them or remove the dependency array  react-hooks/exhaustive-deps

src/components/sidebar.js
  Line 4:8:  'Star' is defined but never used  no-unused-vars

src/pages/experiment_result.js
  Line 44:12:  'data' is assigned a value but never used  no-unused-vars

src/pages/inorganic.js
  Line 4:8:  'logo' is defined but never used  no-unused-vars
  Line 5:8:  'back' is defined but never used  no-unused-vars

src/pages/organic.js
  Line 4:8:  'logo' is defined but never used  no-unused-vars
  Line 5:8:  'back' is defined but never used  no-unused-vars

src/pages/result.js
  Line 4:8:   'labgif' is defined but never used                                                                                                                                                                              no-unused-vars
  Line 9:8:   'back' is defined but never used                                                                                                                                                                                no-unused-vars
  Line 83:6:  React Hook useEffect has a missing dependency: 'cart'. Either include it or remove the dependency array. You can also do a functional update 'setCart(c => ...)' if you only need 'cart' in the 'setCart' call  react-hooks/exhaustive-deps

src/pages/titration.js
  Line 11:8:   's10' is defined but never used                no-unused-vars
  Line 27:9:   'navigate' is assigned a value but never used  no-unused-vars
  Line 30:10:  'behnede' is assigned a value but never used   no-unused-vars

webpack compiled with 2 warnings
(node:3467) [DEP0060] DeprecationWarning: The `util._extend` API is deprecated. Please use Object.assign() instead.
Proxy error: Could not proxy request /src/labanimation.js from localhost:3000 to http://localhost:5000.
See https://nodejs.org/api/errors.html#errors_common_system_errors for more information (ECONNREFUSED).

Proxy error: Could not proxy request /src/labanimation.js from localhost:3000 to http://localhost:5000.
See https://nodejs.org/api/errors.html#errors_common_system_errors for more information (ECONNREFUSED).

Proxy error: Could not proxy request /src/labanimation.js from localhost:3000 to http://localhost:5000.
See https://nodejs.org/api/errors.html#errors_common_system_errors for more information (ECONNREFUSED).

Proxy error: Could not proxy request /src/labanimation.js from localhost:3000 to http://localhost:5000.
See https://nodejs.org/api/errors.html#errors_common_system_errors for more information (ECONNREFUSED).

Proxy error: Could not proxy request /src/labanimation.js from localhost:3000 to http://localhost:5000.
See https://nodejs.org/api/errors.html#errors_common_system_errors for more information (ECONNREFUSED).

Proxy error: Could not proxy request /src/labanimation.js from localhost:3000 to http://localhost:5000.
See https://nodejs.org/api/errors.html#errors_common_system_errors for more information (ECONNREFUSED).

Compiling...
Compiled with warnings.

Failed to parse source map from '/app/client/node_modules/@mediapipe/tasks-vision/vision_bundle_mjs.js.map' file: Error: ENOENT: no such file or directory, open '/app/client/node_modules/@mediapipe/tasks-vision/vision_bundle_mjs.js.map'

[eslint]
src/components/3d-animations/FloatingMolecule.jsx
  Line 3:18:  'Icosahedron' is defined but never used  no-unused-vars

src/components/3d-animations/HolographicLogin.jsx
  Line 2:8:  'Tilt' is defined but never used  no-unused-vars

src/components/result_testtube.js
  Line 23:6:  React Hook useLayoutEffect has missing dependencies: 'gas' and 'solid'. Either include them or remove the dependency array  react-hooks/exhaustive-deps

src/components/sidebar.js
  Line 4:8:  'Star' is defined but never used  no-unused-vars

src/pages/experiment_result.js
  Line 44:12:  'data' is assigned a value but never used  no-unused-vars

src/pages/inorganic.js
  Line 4:8:  'logo' is defined but never used  no-unused-vars
  Line 5:8:  'back' is defined but never used  no-unused-vars

src/pages/organic.js
  Line 4:8:  'logo' is defined but never used  no-unused-vars
  Line 5:8:  'back' is defined but never used  no-unused-vars

src/pages/result.js
  Line 4:8:   'labgif' is defined but never used                                                                                                                                                                              no-unused-vars
  Line 9:8:   'back' is defined but never used                                                                                                                                                                                no-unused-vars
  Line 83:6:  React Hook useEffect has a missing dependency: 'cart'. Either include it or remove the dependency array. You can also do a functional update 'setCart(c => ...)' if you only need 'cart' in the 'setCart' call  react-hooks/exhaustive-deps

src/pages/titration.js
  Line 11:8:   's10' is defined but never used                no-unused-vars
  Line 27:9:   'navigate' is assigned a value but never used  no-unused-vars
  Line 30:10:  'behnede' is assigned a value but never used   no-unused-vars

Search for the keywords to learn more about each warning.
To ignore, add // eslint-disable-next-line to the line before.

WARNING in ./node_modules/@mediapipe/tasks-vision/vision_bundle.mjs
Module Warning (from ./node_modules/source-map-loader/dist/cjs.js):
Failed to parse source map from '/app/client/node_modules/@mediapipe/tasks-vision/vision_bundle_mjs.js.map' file: Error: ENOENT: no such file or directory, open '/app/client/node_modules/@mediapipe/tasks-vision/vision_bundle_mjs.js.map'

WARNING in [eslint]
src/components/3d-animations/FloatingMolecule.jsx
  Line 3:18:  'Icosahedron' is defined but never used  no-unused-vars

src/components/3d-animations/HolographicLogin.jsx
  Line 2:8:  'Tilt' is defined but never used  no-unused-vars

src/components/result_testtube.js
  Line 23:6:  React Hook useLayoutEffect has missing dependencies: 'gas' and 'solid'. Either include them or remove the dependency array  react-hooks/exhaustive-deps

src/components/sidebar.js
  Line 4:8:  'Star' is defined but never used  no-unused-vars

src/pages/experiment_result.js
  Line 44:12:  'data' is assigned a value but never used  no-unused-vars

src/pages/inorganic.js
  Line 4:8:  'logo' is defined but never used  no-unused-vars
  Line 5:8:  'back' is defined but never used  no-unused-vars

src/pages/organic.js
  Line 4:8:  'logo' is defined but never used  no-unused-vars
  Line 5:8:  'back' is defined but never used  no-unused-vars

src/pages/result.js
  Line 4:8:   'labgif' is defined but never used                                                                                                                                                                              no-unused-vars
  Line 9:8:   'back' is defined but never used                                                                                                                                                                                no-unused-vars
  Line 83:6:  React Hook useEffect has a missing dependency: 'cart'. Either include it or remove the dependency array. You can also do a functional update 'setCart(c => ...)' if you only need 'cart' in the 'setCart' call  react-hooks/exhaustive-deps

src/pages/titration.js
  Line 11:8:   's10' is defined but never used                no-unused-vars
  Line 27:9:   'navigate' is assigned a value but never used  no-unused-vars
  Line 30:10:  'behnede' is assigned a value but never used   no-unused-vars

webpack compiled with 2 warnings
Proxy error: Could not proxy request /src/labanimation.js from localhost:3000 to http://localhost:5000.
See https://nodejs.org/api/errors.html#errors_common_system_errors for more information (ECONNREFUSED).

Proxy error: Could not proxy request /src/labanimation.js from localhost:3000 to http://localhost:5000.
See https://nodejs.org/api/errors.html#errors_common_system_errors for more information (ECONNREFUSED).

Compiling...
Compiled with warnings.

Failed to parse source map from '/app/client/node_modules/@mediapipe/tasks-vision/vision_bundle_mjs.js.map' file: Error: ENOENT: no such file or directory, open '/app/client/node_modules/@mediapipe/tasks-vision/vision_bundle_mjs.js.map'

[eslint]
src/components/3d-animations/FloatingMolecule.jsx
  Line 3:18:  'Icosahedron' is defined but never used  no-unused-vars

src/components/3d-animations/HolographicLogin.jsx
  Line 2:8:  'Tilt' is defined but never used  no-unused-vars

src/components/result_testtube.js
  Line 23:6:  React Hook useLayoutEffect has missing dependencies: 'gas' and 'solid'. Either include them or remove the dependency array  react-hooks/exhaustive-deps

src/components/sidebar.js
  Line 4:8:  'Star' is defined but never used  no-unused-vars

src/pages/experiment_result.js
  Line 44:12:  'data' is assigned a value but never used  no-unused-vars

src/pages/inorganic.js
  Line 4:8:  'logo' is defined but never used  no-unused-vars
  Line 5:8:  'back' is defined but never used  no-unused-vars

src/pages/organic.js
  Line 4:8:  'logo' is defined but never used  no-unused-vars
  Line 5:8:  'back' is defined but never used  no-unused-vars

src/pages/result.js
  Line 4:8:   'labgif' is defined but never used                                                                                                                                                                              no-unused-vars
  Line 9:8:   'back' is defined but never used                                                                                                                                                                                no-unused-vars
  Line 83:6:  React Hook useEffect has a missing dependency: 'cart'. Either include it or remove the dependency array. You can also do a functional update 'setCart(c => ...)' if you only need 'cart' in the 'setCart' call  react-hooks/exhaustive-deps

src/pages/titration.js
  Line 11:8:   's10' is defined but never used                no-unused-vars
  Line 27:9:   'navigate' is assigned a value but never used  no-unused-vars
  Line 30:10:  'behnede' is assigned a value but never used   no-unused-vars

Search for the keywords to learn more about each warning.
To ignore, add // eslint-disable-next-line to the line before.

WARNING in ./node_modules/@mediapipe/tasks-vision/vision_bundle.mjs
Module Warning (from ./node_modules/source-map-loader/dist/cjs.js):
Failed to parse source map from '/app/client/node_modules/@mediapipe/tasks-vision/vision_bundle_mjs.js.map' file: Error: ENOENT: no such file or directory, open '/app/client/node_modules/@mediapipe/tasks-vision/vision_bundle_mjs.js.map'

WARNING in [eslint]
src/components/3d-animations/FloatingMolecule.jsx
  Line 3:18:  'Icosahedron' is defined but never used  no-unused-vars

src/components/3d-animations/HolographicLogin.jsx
  Line 2:8:  'Tilt' is defined but never used  no-unused-vars

src/components/result_testtube.js
  Line 23:6:  React Hook useLayoutEffect has missing dependencies: 'gas' and 'solid'. Either include them or remove the dependency array  react-hooks/exhaustive-deps

src/components/sidebar.js
  Line 4:8:  'Star' is defined but never used  no-unused-vars

src/pages/experiment_result.js
  Line 44:12:  'data' is assigned a value but never used  no-unused-vars

src/pages/inorganic.js
  Line 4:8:  'logo' is defined but never used  no-unused-vars
  Line 5:8:  'back' is defined but never used  no-unused-vars

src/pages/organic.js
  Line 4:8:  'logo' is defined but never used  no-unused-vars
  Line 5:8:  'back' is defined but never used  no-unused-vars

src/pages/result.js
  Line 4:8:   'labgif' is defined but never used                                                                                                                                                                              no-unused-vars
  Line 9:8:   'back' is defined but never used                                                                                                                                                                                no-unused-vars
  Line 83:6:  React Hook useEffect has a missing dependency: 'cart'. Either include it or remove the dependency array. You can also do a functional update 'setCart(c => ...)' if you only need 'cart' in the 'setCart' call  react-hooks/exhaustive-deps

src/pages/titration.js
  Line 11:8:   's10' is defined but never used                no-unused-vars
  Line 27:9:   'navigate' is assigned a value but never used  no-unused-vars
  Line 30:10:  'behnede' is assigned a value but never used   no-unused-vars

webpack compiled with 2 warnings
Compiling...
Compiled with warnings.

Failed to parse source map from '/app/client/node_modules/@mediapipe/tasks-vision/vision_bundle_mjs.js.map' file: Error: ENOENT: no such file or directory, open '/app/client/node_modules/@mediapipe/tasks-vision/vision_bundle_mjs.js.map'

[eslint]
src/components/3d-animations/FloatingMolecule.jsx
  Line 3:18:  'Icosahedron' is defined but never used  no-unused-vars

src/components/3d-animations/HolographicLogin.jsx
  Line 2:8:  'Tilt' is defined but never used  no-unused-vars

src/components/result_testtube.js
  Line 23:6:  React Hook useLayoutEffect has missing dependencies: 'gas' and 'solid'. Either include them or remove the dependency array  react-hooks/exhaustive-deps

src/components/sidebar.js
  Line 4:8:  'Star' is defined but never used  no-unused-vars

src/pages/experiment_result.js
  Line 44:12:  'data' is assigned a value but never used  no-unused-vars

src/pages/inorganic.js
  Line 4:8:  'logo' is defined but never used  no-unused-vars
  Line 5:8:  'back' is defined but never used  no-unused-vars

src/pages/organic.js
  Line 4:8:  'logo' is defined but never used  no-unused-vars
  Line 5:8:  'back' is defined but never used  no-unused-vars

src/pages/result.js
  Line 4:8:   'labgif' is defined but never used                                                                                                                                                                              no-unused-vars
  Line 9:8:   'back' is defined but never used                                                                                                                                                                                no-unused-vars
  Line 83:6:  React Hook useEffect has a missing dependency: 'cart'. Either include it or remove the dependency array. You can also do a functional update 'setCart(c => ...)' if you only need 'cart' in the 'setCart' call  react-hooks/exhaustive-deps

src/pages/titration.js
  Line 11:8:   's10' is defined but never used                no-unused-vars
  Line 27:9:   'navigate' is assigned a value but never used  no-unused-vars
  Line 30:10:  'behnede' is assigned a value but never used   no-unused-vars

Search for the keywords to learn more about each warning.
To ignore, add // eslint-disable-next-line to the line before.

WARNING in ./node_modules/@mediapipe/tasks-vision/vision_bundle.mjs
Module Warning (from ./node_modules/source-map-loader/dist/cjs.js):
Failed to parse source map from '/app/client/node_modules/@mediapipe/tasks-vision/vision_bundle_mjs.js.map' file: Error: ENOENT: no such file or directory, open '/app/client/node_modules/@mediapipe/tasks-vision/vision_bundle_mjs.js.map'

WARNING in [eslint]
src/components/3d-animations/FloatingMolecule.jsx
  Line 3:18:  'Icosahedron' is defined but never used  no-unused-vars

src/components/3d-animations/HolographicLogin.jsx
  Line 2:8:  'Tilt' is defined but never used  no-unused-vars

src/components/result_testtube.js
  Line 23:6:  React Hook useLayoutEffect has missing dependencies: 'gas' and 'solid'. Either include them or remove the dependency array  react-hooks/exhaustive-deps

src/components/sidebar.js
  Line 4:8:  'Star' is defined but never used  no-unused-vars

src/pages/experiment_result.js
  Line 44:12:  'data' is assigned a value but never used  no-unused-vars

src/pages/inorganic.js
  Line 4:8:  'logo' is defined but never used  no-unused-vars
  Line 5:8:  'back' is defined but never used  no-unused-vars

src/pages/organic.js
  Line 4:8:  'logo' is defined but never used  no-unused-vars
  Line 5:8:  'back' is defined but never used  no-unused-vars

src/pages/result.js
  Line 4:8:   'labgif' is defined but never used                                                                                                                                                                              no-unused-vars
  Line 9:8:   'back' is defined but never used                                                                                                                                                                                no-unused-vars
  Line 83:6:  React Hook useEffect has a missing dependency: 'cart'. Either include it or remove the dependency array. You can also do a functional update 'setCart(c => ...)' if you only need 'cart' in the 'setCart' call  react-hooks/exhaustive-deps

src/pages/titration.js
  Line 11:8:   's10' is defined but never used                no-unused-vars
  Line 27:9:   'navigate' is assigned a value but never used  no-unused-vars
  Line 30:10:  'behnede' is assigned a value but never used   no-unused-vars

webpack compiled with 2 warnings
Compiling...
Compiled with warnings.

Failed to parse source map from '/app/client/node_modules/@mediapipe/tasks-vision/vision_bundle_mjs.js.map' file: Error: ENOENT: no such file or directory, open '/app/client/node_modules/@mediapipe/tasks-vision/vision_bundle_mjs.js.map'

[eslint]
src/components/3d-animations/FloatingMolecule.jsx
  Line 3:18:  'Icosahedron' is defined but never used  no-unused-vars

src/components/3d-animations/HolographicLogin.jsx
  Line 2:8:  'Tilt' is defined but never used  no-unused-vars

src/components/result_testtube.js
  Line 23:6:  React Hook useLayoutEffect has missing dependencies: 'gas' and 'solid'. Either include them or remove the dependency array  react-hooks/exhaustive-deps

src/components/sidebar.js
  Line 4:8:  'Star' is defined but never used  no-unused-vars

src/pages/experiment_result.js
  Line 44:12:  'data' is assigned a value but never used  no-unused-vars

src/pages/inorganic.js
  Line 4:8:  'logo' is defined but never used  no-unused-vars
  Line 5:8:  'back' is defined but never used  no-unused-vars

src/pages/lab.js
  Line 11:8:    'ReactiveBeaker' is defined but never used             no-unused-vars
  Line 154:29:  'experimentStatus' is assigned a value but never used  no-unused-vars

src/pages/organic.js
  Line 4:8:  'logo' is defined but never used  no-unused-vars
  Line 5:8:  'back' is defined but never used  no-unused-vars

src/pages/result.js
  Line 4:8:   'labgif' is defined but never used                                                                                                                                                                              no-unused-vars
  Line 9:8:   'back' is defined but never used                                                                                                                                                                                no-unused-vars
  Line 83:6:  React Hook useEffect has a missing dependency: 'cart'. Either include it or remove the dependency array. You can also do a functional update 'setCart(c => ...)' if you only need 'cart' in the 'setCart' call  react-hooks/exhaustive-deps

src/pages/titration.js
  Line 11:8:   's10' is defined but never used                no-unused-vars
  Line 27:9:   'navigate' is assigned a value but never used  no-unused-vars
  Line 30:10:  'behnede' is assigned a value but never used   no-unused-vars

Search for the keywords to learn more about each warning.
To ignore, add // eslint-disable-next-line to the line before.

WARNING in ./node_modules/@mediapipe/tasks-vision/vision_bundle.mjs
Module Warning (from ./node_modules/source-map-loader/dist/cjs.js):
Failed to parse source map from '/app/client/node_modules/@mediapipe/tasks-vision/vision_bundle_mjs.js.map' file: Error: ENOENT: no such file or directory, open '/app/client/node_modules/@mediapipe/tasks-vision/vision_bundle_mjs.js.map'

WARNING in [eslint]
src/components/3d-animations/FloatingMolecule.jsx
  Line 3:18:  'Icosahedron' is defined but never used  no-unused-vars

src/components/3d-animations/HolographicLogin.jsx
  Line 2:8:  'Tilt' is defined but never used  no-unused-vars

src/components/result_testtube.js
  Line 23:6:  React Hook useLayoutEffect has missing dependencies: 'gas' and 'solid'. Either include them or remove the dependency array  react-hooks/exhaustive-deps

src/components/sidebar.js
  Line 4:8:  'Star' is defined but never used  no-unused-vars

src/pages/experiment_result.js
  Line 44:12:  'data' is assigned a value but never used  no-unused-vars

src/pages/inorganic.js
  Line 4:8:  'logo' is defined but never used  no-unused-vars
  Line 5:8:  'back' is defined but never used  no-unused-vars

src/pages/lab.js
  Line 11:8:    'ReactiveBeaker' is defined but never used             no-unused-vars
  Line 154:29:  'experimentStatus' is assigned a value but never used  no-unused-vars

src/pages/organic.js
  Line 4:8:  'logo' is defined but never used  no-unused-vars
  Line 5:8:  'back' is defined but never used  no-unused-vars

src/pages/result.js
  Line 4:8:   'labgif' is defined but never used                                                                                                                                                                              no-unused-vars
  Line 9:8:   'back' is defined but never used                                                                                                                                                                                no-unused-vars
  Line 83:6:  React Hook useEffect has a missing dependency: 'cart'. Either include it or remove the dependency array. You can also do a functional update 'setCart(c => ...)' if you only need 'cart' in the 'setCart' call  react-hooks/exhaustive-deps

src/pages/titration.js
  Line 11:8:   's10' is defined but never used                no-unused-vars
  Line 27:9:   'navigate' is assigned a value but never used  no-unused-vars
  Line 30:10:  'behnede' is assigned a value but never used   no-unused-vars

webpack compiled with 2 warnings
Compiling...
Compiled with warnings.

Failed to parse source map from '/app/client/node_modules/@mediapipe/tasks-vision/vision_bundle_mjs.js.map' file: Error: ENOENT: no such file or directory, open '/app/client/node_modules/@mediapipe/tasks-vision/vision_bundle_mjs.js.map'

[eslint]
src/components/3d-animations/FloatingMolecule.jsx
  Line 3:18:  'Icosahedron' is defined but never used  no-unused-vars

src/components/3d-animations/HolographicLogin.jsx
  Line 2:8:  'Tilt' is defined but never used  no-unused-vars

src/components/result_testtube.js
  Line 23:6:  React Hook useLayoutEffect has missing dependencies: 'gas' and 'solid'. Either include them or remove the dependency array  react-hooks/exhaustive-deps

src/components/sidebar.js
  Line 4:8:  'Star' is defined but never used  no-unused-vars

src/pages/experiment_result.js
  Line 44:12:  'data' is assigned a value but never used  no-unused-vars

src/pages/inorganic.js
  Line 4:8:  'logo' is defined but never used  no-unused-vars
  Line 5:8:  'back' is defined but never used  no-unused-vars

src/pages/lab.js
  Line 11:8:    'ReactiveBeaker' is defined but never used             no-unused-vars
  Line 154:29:  'experimentStatus' is assigned a value but never used  no-unused-vars

src/pages/organic.js
  Line 4:8:  'logo' is defined but never used  no-unused-vars
  Line 5:8:  'back' is defined but never used  no-unused-vars

src/pages/result.js
  Line 4:8:   'labgif' is defined but never used                                                                                                                                                                              no-unused-vars
  Line 9:8:   'back' is defined but never used                                                                                                                                                                                no-unused-vars
  Line 83:6:  React Hook useEffect has a missing dependency: 'cart'. Either include it or remove the dependency array. You can also do a functional update 'setCart(c => ...)' if you only need 'cart' in the 'setCart' call  react-hooks/exhaustive-deps

src/pages/titration.js
  Line 11:8:   's10' is defined but never used                no-unused-vars
  Line 27:9:   'navigate' is assigned a value but never used  no-unused-vars
  Line 30:10:  'behnede' is assigned a value but never used   no-unused-vars

Search for the keywords to learn more about each warning.
To ignore, add // eslint-disable-next-line to the line before.

WARNING in ./node_modules/@mediapipe/tasks-vision/vision_bundle.mjs
Module Warning (from ./node_modules/source-map-loader/dist/cjs.js):
Failed to parse source map from '/app/client/node_modules/@mediapipe/tasks-vision/vision_bundle_mjs.js.map' file: Error: ENOENT: no such file or directory, open '/app/client/node_modules/@mediapipe/tasks-vision/vision_bundle_mjs.js.map'

WARNING in [eslint]
src/components/3d-animations/FloatingMolecule.jsx
  Line 3:18:  'Icosahedron' is defined but never used  no-unused-vars

src/components/3d-animations/HolographicLogin.jsx
  Line 2:8:  'Tilt' is defined but never used  no-unused-vars

src/components/result_testtube.js
  Line 23:6:  React Hook useLayoutEffect has missing dependencies: 'gas' and 'solid'. Either include them or remove the dependency array  react-hooks/exhaustive-deps

src/components/sidebar.js
  Line 4:8:  'Star' is defined but never used  no-unused-vars

src/pages/experiment_result.js
  Line 44:12:  'data' is assigned a value but never used  no-unused-vars

src/pages/inorganic.js
  Line 4:8:  'logo' is defined but never used  no-unused-vars
  Line 5:8:  'back' is defined but never used  no-unused-vars

src/pages/lab.js
  Line 11:8:    'ReactiveBeaker' is defined but never used             no-unused-vars
  Line 154:29:  'experimentStatus' is assigned a value but never used  no-unused-vars

src/pages/organic.js
  Line 4:8:  'logo' is defined but never used  no-unused-vars
  Line 5:8:  'back' is defined but never used  no-unused-vars

src/pages/result.js
  Line 4:8:   'labgif' is defined but never used                                                                                                                                                                              no-unused-vars
  Line 9:8:   'back' is defined but never used                                                                                                                                                                                no-unused-vars
  Line 83:6:  React Hook useEffect has a missing dependency: 'cart'. Either include it or remove the dependency array. You can also do a functional update 'setCart(c => ...)' if you only need 'cart' in the 'setCart' call  react-hooks/exhaustive-deps

src/pages/titration.js
  Line 11:8:   's10' is defined but never used                no-unused-vars
  Line 27:9:   'navigate' is assigned a value but never used  no-unused-vars
  Line 30:10:  'behnede' is assigned a value but never used   no-unused-vars

webpack compiled with 2 warnings
Compiling...
Compiled with warnings.

Failed to parse source map from '/app/client/node_modules/@mediapipe/tasks-vision/vision_bundle_mjs.js.map' file: Error: ENOENT: no such file or directory, open '/app/client/node_modules/@mediapipe/tasks-vision/vision_bundle_mjs.js.map'

[eslint]
src/components/3d-animations/FloatingMolecule.jsx
  Line 3:18:  'Icosahedron' is defined but never used  no-unused-vars

src/components/3d-animations/HolographicLogin.jsx
  Line 2:8:  'Tilt' is defined but never used  no-unused-vars

src/components/result_testtube.js
  Line 23:6:  React Hook useLayoutEffect has missing dependencies: 'gas' and 'solid'. Either include them or remove the dependency array  react-hooks/exhaustive-deps

src/components/sidebar.js
  Line 4:8:  'Star' is defined but never used  no-unused-vars

src/pages/experiment_result.js
  Line 44:12:  'data' is assigned a value but never used  no-unused-vars

src/pages/inorganic.js
  Line 4:8:  'logo' is defined but never used  no-unused-vars
  Line 5:8:  'back' is defined but never used  no-unused-vars

src/pages/organic.js
  Line 4:8:  'logo' is defined but never used  no-unused-vars
  Line 5:8:  'back' is defined but never used  no-unused-vars

src/pages/result.js
  Line 4:8:   'labgif' is defined but never used                                                                                                                                                                              no-unused-vars
  Line 9:8:   'back' is defined but never used                                                                                                                                                                                no-unused-vars
  Line 83:6:  React Hook useEffect has a missing dependency: 'cart'. Either include it or remove the dependency array. You can also do a functional update 'setCart(c => ...)' if you only need 'cart' in the 'setCart' call  react-hooks/exhaustive-deps

src/pages/titration.js
  Line 11:8:   's10' is defined but never used                no-unused-vars
  Line 27:9:   'navigate' is assigned a value but never used  no-unused-vars
  Line 30:10:  'behnede' is assigned a value but never used   no-unused-vars

Search for the keywords to learn more about each warning.
To ignore, add // eslint-disable-next-line to the line before.

WARNING in ./node_modules/@mediapipe/tasks-vision/vision_bundle.mjs
Module Warning (from ./node_modules/source-map-loader/dist/cjs.js):
Failed to parse source map from '/app/client/node_modules/@mediapipe/tasks-vision/vision_bundle_mjs.js.map' file: Error: ENOENT: no such file or directory, open '/app/client/node_modules/@mediapipe/tasks-vision/vision_bundle_mjs.js.map'

WARNING in [eslint]
src/components/3d-animations/FloatingMolecule.jsx
  Line 3:18:  'Icosahedron' is defined but never used  no-unused-vars

src/components/3d-animations/HolographicLogin.jsx
  Line 2:8:  'Tilt' is defined but never used  no-unused-vars

src/components/result_testtube.js
  Line 23:6:  React Hook useLayoutEffect has missing dependencies: 'gas' and 'solid'. Either include them or remove the dependency array  react-hooks/exhaustive-deps

src/components/sidebar.js
  Line 4:8:  'Star' is defined but never used  no-unused-vars

src/pages/experiment_result.js
  Line 44:12:  'data' is assigned a value but never used  no-unused-vars

src/pages/inorganic.js
  Line 4:8:  'logo' is defined but never used  no-unused-vars
  Line 5:8:  'back' is defined but never used  no-unused-vars

src/pages/organic.js
  Line 4:8:  'logo' is defined but never used  no-unused-vars
  Line 5:8:  'back' is defined but never used  no-unused-vars

src/pages/result.js
  Line 4:8:   'labgif' is defined but never used                                                                                                                                                                              no-unused-vars
  Line 9:8:   'back' is defined but never used                                                                                                                                                                                no-unused-vars
  Line 83:6:  React Hook useEffect has a missing dependency: 'cart'. Either include it or remove the dependency array. You can also do a functional update 'setCart(c => ...)' if you only need 'cart' in the 'setCart' call  react-hooks/exhaustive-deps

src/pages/titration.js
  Line 11:8:   's10' is defined but never used                no-unused-vars
  Line 27:9:   'navigate' is assigned a value but never used  no-unused-vars
  Line 30:10:  'behnede' is assigned a value but never used   no-unused-vars

webpack compiled with 2 warnings
Compiling...
Compiled with warnings.

Failed to parse source map from '/app/client/node_modules/@mediapipe/tasks-vision/vision_bundle_mjs.js.map' file: Error: ENOENT: no such file or directory, open '/app/client/node_modules/@mediapipe/tasks-vision/vision_bundle_mjs.js.map'

[eslint]
src/components/3d-animations/FloatingMolecule.jsx
  Line 3:18:  'Icosahedron' is defined but never used  no-unused-vars

src/components/3d-animations/HolographicLogin.jsx
  Line 2:8:  'Tilt' is defined but never used  no-unused-vars

src/components/result_testtube.js
  Line 23:6:  React Hook useLayoutEffect has missing dependencies: 'gas' and 'solid'. Either include them or remove the dependency array  react-hooks/exhaustive-deps

src/components/sidebar.js
  Line 4:8:  'Star' is defined but never used  no-unused-vars

src/pages/experiment_result.js
  Line 44:12:  'data' is assigned a value but never used  no-unused-vars

src/pages/inorganic.js
  Line 4:8:  'logo' is defined but never used  no-unused-vars
  Line 5:8:  'back' is defined but never used  no-unused-vars

src/pages/organic.js
  Line 4:8:  'logo' is defined but never used  no-unused-vars
  Line 5:8:  'back' is defined but never used  no-unused-vars

src/pages/result.js
  Line 4:8:   'labgif' is defined but never used                                                                                                                                                                              no-unused-vars
  Line 9:8:   'back' is defined but never used                                                                                                                                                                                no-unused-vars
  Line 83:6:  React Hook useEffect has a missing dependency: 'cart'. Either include it or remove the dependency array. You can also do a functional update 'setCart(c => ...)' if you only need 'cart' in the 'setCart' call  react-hooks/exhaustive-deps

src/pages/titration.js
  Line 11:8:   's10' is defined but never used                no-unused-vars
  Line 27:9:   'navigate' is assigned a value but never used  no-unused-vars
  Line 30:10:  'behnede' is assigned a value but never used   no-unused-vars

Search for the keywords to learn more about each warning.
To ignore, add // eslint-disable-next-line to the line before.

WARNING in ./node_modules/@mediapipe/tasks-vision/vision_bundle.mjs
Module Warning (from ./node_modules/source-map-loader/dist/cjs.js):
Failed to parse source map from '/app/client/node_modules/@mediapipe/tasks-vision/vision_bundle_mjs.js.map' file: Error: ENOENT: no such file or directory, open '/app/client/node_modules/@mediapipe/tasks-vision/vision_bundle_mjs.js.map'

WARNING in [eslint]
src/components/3d-animations/FloatingMolecule.jsx
  Line 3:18:  'Icosahedron' is defined but never used  no-unused-vars

src/components/3d-animations/HolographicLogin.jsx
  Line 2:8:  'Tilt' is defined but never used  no-unused-vars

src/components/result_testtube.js
  Line 23:6:  React Hook useLayoutEffect has missing dependencies: 'gas' and 'solid'. Either include them or remove the dependency array  react-hooks/exhaustive-deps

src/components/sidebar.js
  Line 4:8:  'Star' is defined but never used  no-unused-vars

src/pages/experiment_result.js
  Line 44:12:  'data' is assigned a value but never used  no-unused-vars

src/pages/inorganic.js
  Line 4:8:  'logo' is defined but never used  no-unused-vars
  Line 5:8:  'back' is defined but never used  no-unused-vars

src/pages/organic.js
  Line 4:8:  'logo' is defined but never used  no-unused-vars
  Line 5:8:  'back' is defined but never used  no-unused-vars

src/pages/result.js
  Line 4:8:   'labgif' is defined but never used                                                                                                                                                                              no-unused-vars
  Line 9:8:   'back' is defined but never used                                                                                                                                                                                no-unused-vars
  Line 83:6:  React Hook useEffect has a missing dependency: 'cart'. Either include it or remove the dependency array. You can also do a functional update 'setCart(c => ...)' if you only need 'cart' in the 'setCart' call  react-hooks/exhaustive-deps

src/pages/titration.js
  Line 11:8:   's10' is defined but never used                no-unused-vars
  Line 27:9:   'navigate' is assigned a value but never used  no-unused-vars
  Line 30:10:  'behnede' is assigned a value but never used   no-unused-vars

webpack compiled with 2 warnings
Compiling...
Compiled with warnings.

Failed to parse source map from '/app/client/node_modules/@mediapipe/tasks-vision/vision_bundle_mjs.js.map' file: Error: ENOENT: no such file or directory, open '/app/client/node_modules/@mediapipe/tasks-vision/vision_bundle_mjs.js.map'

[eslint]
src/components/3d-animations/FloatingMolecule.jsx
  Line 3:18:  'Icosahedron' is defined but never used  no-unused-vars

src/components/3d-animations/HolographicLogin.jsx
  Line 2:8:  'Tilt' is defined but never used  no-unused-vars

src/components/result_testtube.js
  Line 23:6:  React Hook useLayoutEffect has missing dependencies: 'gas' and 'solid'. Either include them or remove the dependency array  react-hooks/exhaustive-deps

src/components/sidebar.js
  Line 4:8:  'Star' is defined but never used  no-unused-vars

src/pages/experiment_result.js
  Line 44:12:  'data' is assigned a value but never used  no-unused-vars

src/pages/inorganic.js
  Line 4:8:  'logo' is defined but never used  no-unused-vars
  Line 5:8:  'back' is defined but never used  no-unused-vars

src/pages/organic.js
  Line 4:8:  'logo' is defined but never used  no-unused-vars
  Line 5:8:  'back' is defined but never used  no-unused-vars

src/pages/result.js
  Line 4:8:   'labgif' is defined but never used                                                                                                                                                                              no-unused-vars
  Line 9:8:   'back' is defined but never used                                                                                                                                                                                no-unused-vars
  Line 83:6:  React Hook useEffect has a missing dependency: 'cart'. Either include it or remove the dependency array. You can also do a functional update 'setCart(c => ...)' if you only need 'cart' in the 'setCart' call  react-hooks/exhaustive-deps

src/pages/titration.js
  Line 11:8:   's10' is defined but never used                no-unused-vars
  Line 27:9:   'navigate' is assigned a value but never used  no-unused-vars
  Line 30:10:  'behnede' is assigned a value but never used   no-unused-vars

Search for the keywords to learn more about each warning.
To ignore, add // eslint-disable-next-line to the line before.

WARNING in ./node_modules/@mediapipe/tasks-vision/vision_bundle.mjs
Module Warning (from ./node_modules/source-map-loader/dist/cjs.js):
Failed to parse source map from '/app/client/node_modules/@mediapipe/tasks-vision/vision_bundle_mjs.js.map' file: Error: ENOENT: no such file or directory, open '/app/client/node_modules/@mediapipe/tasks-vision/vision_bundle_mjs.js.map'

WARNING in [eslint]
src/components/3d-animations/FloatingMolecule.jsx
  Line 3:18:  'Icosahedron' is defined but never used  no-unused-vars

src/components/3d-animations/HolographicLogin.jsx
  Line 2:8:  'Tilt' is defined but never used  no-unused-vars

src/components/result_testtube.js
  Line 23:6:  React Hook useLayoutEffect has missing dependencies: 'gas' and 'solid'. Either include them or remove the dependency array  react-hooks/exhaustive-deps

src/components/sidebar.js
  Line 4:8:  'Star' is defined but never used  no-unused-vars

src/pages/experiment_result.js
  Line 44:12:  'data' is assigned a value but never used  no-unused-vars

src/pages/inorganic.js
  Line 4:8:  'logo' is defined but never used  no-unused-vars
  Line 5:8:  'back' is defined but never used  no-unused-vars

src/pages/organic.js
  Line 4:8:  'logo' is defined but never used  no-unused-vars
  Line 5:8:  'back' is defined but never used  no-unused-vars

src/pages/result.js
  Line 4:8:   'labgif' is defined but never used                                                                                                                                                                              no-unused-vars
  Line 9:8:   'back' is defined but never used                                                                                                                                                                                no-unused-vars
  Line 83:6:  React Hook useEffect has a missing dependency: 'cart'. Either include it or remove the dependency array. You can also do a functional update 'setCart(c => ...)' if you only need 'cart' in the 'setCart' call  react-hooks/exhaustive-deps

src/pages/titration.js
  Line 11:8:   's10' is defined but never used                no-unused-vars
  Line 27:9:   'navigate' is assigned a value but never used  no-unused-vars
  Line 30:10:  'behnede' is assigned a value but never used   no-unused-vars

webpack compiled with 2 warnings
