
> alchemy-client@0.1.0 lint
> eslint src --ext .js,.jsx


/app/client/src/components/3d-animations/DraggableFlask.jsx
   15:88  warning  'locked' is missing in props validation                                                                                                                                                                                                                                                                                                                                                                                                                                      react/prop-types
   45:9   error    Error: This value cannot be modified

Modifying a value returned from a hook is not allowed. Consider moving the modification into the hook where the value is constructed.

  43 |         e.stopPropagation();
  44 |
> 45 |         gl.domElement.style.cursor = 'grabbing';
     |         ^^^^^^^^^^^^^^^^^^^ `gl` cannot be modified
  46 |         dragActive.current = true;
  47 |
  48 |         // Calculate intersection on the XY plane                react-hooks/immutability
   64:8   warning  React Hook useCallback has missing dependencies: 'label' and 'locked'. Either include them or remove the dependency array                                                                                                                                                                                                                                                                                                                                                    react-hooks/exhaustive-deps
   98:9   error    Error: This value cannot be modified

Modifying a value returned from a hook is not allowed. Consider moving the modification into the hook where the value is constructed.

   96 |         e.stopPropagation();
   97 |
>  98 |         gl.domElement.style.cursor = 'grab';
      |         ^^^^^^^^^^^^^^^^^^^ `gl` cannot be modified
   99 |         dragActive.current = false;
  100 |         isPouring.current = false;
  101 |         isTilted.current = false;  react-hooks/immutability
  185:25  error    Unknown property 'uColor' found                                                                                                                                                                                                                                                                                                                                                                                                                                              react/no-unknown-property
  205:19  error    Unknown property 'visible' found                                                                                                                                                                                                                                                                                                                                                                                                                                             react/no-unknown-property

/app/client/src/components/3d-animations/ParticleSystem.jsx
   22:18  error  Error: Cannot call impure function during render

`Math.random` is an impure function. Calling an impure function can produce unstable results that update unpredictably when the component happens to re-render. (https://react.dev/reference/rules/components-and-hooks-must-be-pure#components-and-hooks-must-be-idempotent).

  20 |         return new Array(bubbleCount).fill().map(() => ({
  21 |             position: new THREE.Vector3(
> 22 |                 (Math.random() - 0.5) * 1.5, // Spread across beaker radius
     |                  ^^^^^^^^^^^^^ Cannot call impure function
  23 |                 -1.4 + Math.random() * 0.5,  // Start near bottom
  24 |                 (Math.random() - 0.5) * 1.5
  25 |             ),                react-hooks/purity
   23:24  error  Error: Cannot call impure function during render

`Math.random` is an impure function. Calling an impure function can produce unstable results that update unpredictably when the component happens to re-render. (https://react.dev/reference/rules/components-and-hooks-must-be-pure#components-and-hooks-must-be-idempotent).

  21 |             position: new THREE.Vector3(
  22 |                 (Math.random() - 0.5) * 1.5, // Spread across beaker radius
> 23 |                 -1.4 + Math.random() * 0.5,  // Start near bottom
     |                        ^^^^^^^^^^^^^ Cannot call impure function
  24 |                 (Math.random() - 0.5) * 1.5
  25 |             ),
  26 |             velocity: 0.5 + Math.random() * 1.5, // Upward speed   react-hooks/purity
   24:18  error  Error: Cannot call impure function during render

`Math.random` is an impure function. Calling an impure function can produce unstable results that update unpredictably when the component happens to re-render. (https://react.dev/reference/rules/components-and-hooks-must-be-pure#components-and-hooks-must-be-idempotent).

  22 |                 (Math.random() - 0.5) * 1.5, // Spread across beaker radius
  23 |                 -1.4 + Math.random() * 0.5,  // Start near bottom
> 24 |                 (Math.random() - 0.5) * 1.5
     |                  ^^^^^^^^^^^^^ Cannot call impure function
  25 |             ),
  26 |             velocity: 0.5 + Math.random() * 1.5, // Upward speed
  27 |             wobbleSpeed: 2 + Math.random() * 3,  react-hooks/purity
   26:29  error  Error: Cannot call impure function during render

`Math.random` is an impure function. Calling an impure function can produce unstable results that update unpredictably when the component happens to re-render. (https://react.dev/reference/rules/components-and-hooks-must-be-pure#components-and-hooks-must-be-idempotent).

  24 |                 (Math.random() - 0.5) * 1.5
  25 |             ),
> 26 |             velocity: 0.5 + Math.random() * 1.5, // Upward speed
     |                             ^^^^^^^^^^^^^ Cannot call impure function
  27 |             wobbleSpeed: 2 + Math.random() * 3,
  28 |             wobbleOffset: Math.random() * Math.PI * 2,
  29 |             scale: 0.2 + Math.random() * 0.3,                                react-hooks/purity
   27:30  error  Error: Cannot call impure function during render

`Math.random` is an impure function. Calling an impure function can produce unstable results that update unpredictably when the component happens to re-render. (https://react.dev/reference/rules/components-and-hooks-must-be-pure#components-and-hooks-must-be-idempotent).

  25 |             ),
  26 |             velocity: 0.5 + Math.random() * 1.5, // Upward speed
> 27 |             wobbleSpeed: 2 + Math.random() * 3,
     |                              ^^^^^^^^^^^^^ Cannot call impure function
  28 |             wobbleOffset: Math.random() * Math.PI * 2,
  29 |             scale: 0.2 + Math.random() * 0.3,
  30 |             life: Math.random() // Stagger start times                    react-hooks/purity
   28:27  error  Error: Cannot call impure function during render

`Math.random` is an impure function. Calling an impure function can produce unstable results that update unpredictably when the component happens to re-render. (https://react.dev/reference/rules/components-and-hooks-must-be-pure#components-and-hooks-must-be-idempotent).

  26 |             velocity: 0.5 + Math.random() * 1.5, // Upward speed
  27 |             wobbleSpeed: 2 + Math.random() * 3,
> 28 |             wobbleOffset: Math.random() * Math.PI * 2,
     |                           ^^^^^^^^^^^^^ Cannot call impure function
  29 |             scale: 0.2 + Math.random() * 0.3,
  30 |             life: Math.random() // Stagger start times
  31 |         }));                         react-hooks/purity
   29:26  error  Error: Cannot call impure function during render

`Math.random` is an impure function. Calling an impure function can produce unstable results that update unpredictably when the component happens to re-render. (https://react.dev/reference/rules/components-and-hooks-must-be-pure#components-and-hooks-must-be-idempotent).

  27 |             wobbleSpeed: 2 + Math.random() * 3,
  28 |             wobbleOffset: Math.random() * Math.PI * 2,
> 29 |             scale: 0.2 + Math.random() * 0.3,
     |                          ^^^^^^^^^^^^^ Cannot call impure function
  30 |             life: Math.random() // Stagger start times
  31 |         }));
  32 |     }, [bubbleCount]);                                                                    react-hooks/purity
   30:19  error  Error: Cannot call impure function during render

`Math.random` is an impure function. Calling an impure function can produce unstable results that update unpredictably when the component happens to re-render. (https://react.dev/reference/rules/components-and-hooks-must-be-pure#components-and-hooks-must-be-idempotent).

  28 |             wobbleOffset: Math.random() * Math.PI * 2,
  29 |             scale: 0.2 + Math.random() * 0.3,
> 30 |             life: Math.random() // Stagger start times
     |                   ^^^^^^^^^^^^^ Cannot call impure function
  31 |         }));
  32 |     }, [bubbleCount]);
  33 |                                                                                                                           react-hooks/purity
   38:18  error  Error: Cannot call impure function during render

`Math.random` is an impure function. Calling an impure function can produce unstable results that update unpredictably when the component happens to re-render. (https://react.dev/reference/rules/components-and-hooks-must-be-pure#components-and-hooks-must-be-idempotent).

  36 |         return new Array(smokeCount).fill().map(() => ({
  37 |             position: new THREE.Vector3(
> 38 |                 (Math.random() - 0.5) * 1.0,
     |                  ^^^^^^^^^^^^^ Cannot call impure function
  39 |                 1.0 + Math.random() * 0.5,  // Start near top
  40 |                 (Math.random() - 0.5) * 1.0
  41 |             ),                                                   react-hooks/purity
   39:23  error  Error: Cannot call impure function during render

`Math.random` is an impure function. Calling an impure function can produce unstable results that update unpredictably when the component happens to re-render. (https://react.dev/reference/rules/components-and-hooks-must-be-pure#components-and-hooks-must-be-idempotent).

  37 |             position: new THREE.Vector3(
  38 |                 (Math.random() - 0.5) * 1.0,
> 39 |                 1.0 + Math.random() * 0.5,  // Start near top
     |                       ^^^^^^^^^^^^^ Cannot call impure function
  40 |                 (Math.random() - 0.5) * 1.0
  41 |             ),
  42 |             velocity: new THREE.Vector3(                                                              react-hooks/purity
   40:18  error  Error: Cannot call impure function during render

`Math.random` is an impure function. Calling an impure function can produce unstable results that update unpredictably when the component happens to re-render. (https://react.dev/reference/rules/components-and-hooks-must-be-pure#components-and-hooks-must-be-idempotent).

  38 |                 (Math.random() - 0.5) * 1.0,
  39 |                 1.0 + Math.random() * 0.5,  // Start near top
> 40 |                 (Math.random() - 0.5) * 1.0
     |                  ^^^^^^^^^^^^^ Cannot call impure function
  41 |             ),
  42 |             velocity: new THREE.Vector3(
  43 |                 (Math.random() - 0.5) * 0.8, // Slow outward spread                                        react-hooks/purity
   43:18  error  Error: Cannot call impure function during render

`Math.random` is an impure function. Calling an impure function can produce unstable results that update unpredictably when the component happens to re-render. (https://react.dev/reference/rules/components-and-hooks-must-be-pure#components-and-hooks-must-be-idempotent).

  41 |             ),
  42 |             velocity: new THREE.Vector3(
> 43 |                 (Math.random() - 0.5) * 0.8, // Slow outward spread
     |                  ^^^^^^^^^^^^^ Cannot call impure function
  44 |                 1.0 + Math.random() * 1.0,   // Upward lift
  45 |                 (Math.random() - 0.5) * 0.8
  46 |             ),                                                                         react-hooks/purity
   44:23  error  Error: Cannot call impure function during render

`Math.random` is an impure function. Calling an impure function can produce unstable results that update unpredictably when the component happens to re-render. (https://react.dev/reference/rules/components-and-hooks-must-be-pure#components-and-hooks-must-be-idempotent).

  42 |             velocity: new THREE.Vector3(
  43 |                 (Math.random() - 0.5) * 0.8, // Slow outward spread
> 44 |                 1.0 + Math.random() * 1.0,   // Upward lift
     |                       ^^^^^^^^^^^^^ Cannot call impure function
  45 |                 (Math.random() - 0.5) * 0.8
  46 |             ),
  47 |             scale: 0.5 + Math.random() * 1.0,                                     react-hooks/purity
   45:18  error  Error: Cannot call impure function during render

`Math.random` is an impure function. Calling an impure function can produce unstable results that update unpredictably when the component happens to re-render. (https://react.dev/reference/rules/components-and-hooks-must-be-pure#components-and-hooks-must-be-idempotent).

  43 |                 (Math.random() - 0.5) * 0.8, // Slow outward spread
  44 |                 1.0 + Math.random() * 1.0,   // Upward lift
> 45 |                 (Math.random() - 0.5) * 0.8
     |                  ^^^^^^^^^^^^^ Cannot call impure function
  46 |             ),
  47 |             scale: 0.5 + Math.random() * 1.0,
  48 |             life: Math.random(),                                                  react-hooks/purity
   47:26  error  Error: Cannot call impure function during render

`Math.random` is an impure function. Calling an impure function can produce unstable results that update unpredictably when the component happens to re-render. (https://react.dev/reference/rules/components-and-hooks-must-be-pure#components-and-hooks-must-be-idempotent).

  45 |                 (Math.random() - 0.5) * 0.8
  46 |             ),
> 47 |             scale: 0.5 + Math.random() * 1.0,
     |                          ^^^^^^^^^^^^^ Cannot call impure function
  48 |             life: Math.random(),
  49 |             opacityMod: Math.random()
  50 |         }));                                                                                                                       react-hooks/purity
   48:19  error  Error: Cannot call impure function during render

`Math.random` is an impure function. Calling an impure function can produce unstable results that update unpredictably when the component happens to re-render. (https://react.dev/reference/rules/components-and-hooks-must-be-pure#components-and-hooks-must-be-idempotent).

  46 |             ),
  47 |             scale: 0.5 + Math.random() * 1.0,
> 48 |             life: Math.random(),
     |                   ^^^^^^^^^^^^^ Cannot call impure function
  49 |             opacityMod: Math.random()
  50 |         }));
  51 |     }, [smokeCount]);                                                                                                                                                    react-hooks/purity
   49:25  error  Error: Cannot call impure function during render

`Math.random` is an impure function. Calling an impure function can produce unstable results that update unpredictably when the component happens to re-render. (https://react.dev/reference/rules/components-and-hooks-must-be-pure#components-and-hooks-must-be-idempotent).

  47 |             scale: 0.5 + Math.random() * 1.0,
  48 |             life: Math.random(),
> 49 |             opacityMod: Math.random()
     |                         ^^^^^^^^^^^^^ Cannot call impure function
  50 |         }));
  51 |     }, [smokeCount]);
  52 |                                                                                                                                                             react-hooks/purity
  148:21  error  Unknown property 'depthWrite' found                                                                                                                                                                                                                                                                                                                                                                                                                                                                                                                                                                                                                                                                                                                                      react/no-unknown-property

/app/client/src/components/3d-animations/PhysicsLab.jsx
  11:75  warning  'lockedChems' is missing in props validation  react/prop-types

/app/client/src/components/AiTutorPanel.jsx
    7:25  warning  'isOpen' is missing in props validation                          react/prop-types
    7:33  warning  'onClose' is missing in props validation                         react/prop-types
   64:7   warning  Unexpected console statement                                     no-console
  113:28  error    `'` can be escaped with `&apos;`, `&lsquo;`, `&#39;`, `&rsquo;`  react/no-unescaped-entities

/app/client/src/components/Beaker.jsx
  16:13  error  'THREE' is defined but never used  no-unused-vars

/app/client/src/components/ClassroomManager.jsx
  24:13  warning  Unexpected console statement               no-console
  41:21  error    'data' is assigned a value but never used  no-unused-vars

/app/client/src/components/ErrorBoundary.jsx
  28:31  error  `'` can be escaped with `&apos;`, `&lsquo;`, `&#39;`, `&rsquo;`  react/no-unescaped-entities

/app/client/src/components/Flask.jsx
  17:13  error  'THREE' is defined but never used  no-unused-vars

/app/client/src/components/LoadingOverlay.jsx
  5:27  warning  'message' is missing in props validation  react/prop-types

/app/client/src/components/ParticleEmitter.jsx
  268:11  error  Unknown property 'array' found            react/no-unknown-property
  269:11  error  Unknown property 'count' found            react/no-unknown-property
  270:11  error  Unknown property 'itemSize' found         react/no-unknown-property
  274:11  error  Unknown property 'array' found            react/no-unknown-property
  275:11  error  Unknown property 'count' found            react/no-unknown-property
  276:11  error  Unknown property 'itemSize' found         react/no-unknown-property
  280:11  error  Unknown property 'array' found            react/no-unknown-property
  281:11  error  Unknown property 'count' found            react/no-unknown-property
  282:11  error  Unknown property 'itemSize' found         react/no-unknown-property
  286:9   error  Unknown property 'vertexColors' found     react/no-unknown-property
  290:9   error  Unknown property 'sizeAttenuation' found  react/no-unknown-property
  291:9   error  Unknown property 'depthWrite' found       react/no-unknown-property
  292:9   error  Unknown property 'blending' found         react/no-unknown-property

/app/client/src/components/ResultModal.jsx
  15:24  warning  'isOpen' is missing in props validation                 react/prop-types
  15:32  warning  'result' is missing in props validation                 react/prop-types
  15:40  warning  'onReset' is missing in props validation                react/prop-types
  15:49  warning  'onClose' is missing in props validation                react/prop-types
  15:58  warning  'onAskAI' is missing in props validation                react/prop-types
  18:11  warning  'result.outcome' is missing in props validation         react/prop-types
  18:20  warning  'result.result_formula' is missing in props validation  react/prop-types
  18:36  warning  'result.product_info' is missing in props validation    react/prop-types
  18:50  warning  'result.product_name' is missing in props validation    react/prop-types
  62:40  warning  'result.result' is missing in props validation          react/prop-types
  65:74  warning  'result.result' is missing in props validation          react/prop-types

/app/client/src/components/SkeletonLoader.jsx
  5:25  warning  'className' is missing in props validation  react/prop-types
  5:36  warning  'style' is missing in props validation      react/prop-types

/app/client/src/hooks/useLabPhysics.js
  110:6  error  'e' is defined but never used  no-unused-vars
  123:6  error  'e' is defined but never used  no-unused-vars

/app/client/src/hooks/usePerformanceScaling.js
  12:28  error  'setIsLowPerformance' is assigned a value but never used       no-unused-vars
  13:33  error  'setPostProcessingEnabled' is assigned a value but never used  no-unused-vars

/app/client/src/pages/Dashboard.jsx
  116:45  error  `'` can be escaped with `&apos;`, `&lsquo;`, `&#39;`, `&rsquo;`  react/no-unescaped-entities

/app/client/src/pages/Lab3D.jsx
   17:11  error    'navigate' is assigned a value but never used  no-unused-vars
   60:17  warning  Unexpected console statement                   no-console
  116:17  warning  Unexpected console statement                   no-console
  158:13  warning  Unexpected console statement                   no-console

/app/client/src/pages/TeacherDashboard.jsx
   12:38  error    'useMemo' is defined but never used             no-unused-vars
   12:47  error    'useCallback' is defined but never used         no-unused-vars
  190:9   warning  Unexpected console statement                    no-console
  231:9   warning  Unexpected console statement                    no-console
  383:15  error    A form label must be associated with a control  jsx-a11y/label-has-associated-control
  392:15  error    A form label must be associated with a control  jsx-a11y/label-has-associated-control

/app/client/src/supabaseClient.js
  8:5  warning  Unexpected console statement  no-console

✖ 77 problems (50 errors, 27 warnings)
